16:49:04 **** Incremental Build of configuration Debug for project Pinball_Controller_V0 ****
make -j8 all 
arm-none-eabi-gcc "../Core/Src/main.c" -mcpu=cortex-m4 -std=gnu11 -g3 -DUSE_HAL_DRIVER -DSTM32F411xE -DDEBUG -c -I../Core/Inc -I../Drivers/STM32F4xx_HAL_Driver/Inc -I../Drivers/STM32F4xx_HAL_Driver/Inc/Legacy -I../Drivers/CMSIS/Device/ST/STM32F4xx/Include -I../Drivers/CMSIS/Include -I../Middlewares/Third_Party/FreeRTOS/Source/include -I../Middlewares/Third_Party/FreeRTOS/Source/CMSIS_RTOS_V2 -I../Middlewares/Third_Party/FreeRTOS/Source/portable/GCC/ARM_CM4F -I../USB_DEVICE/App -I../USB_DEVICE/Target -I../Middlewares/ST/STM32_USB_Device_Library/Core/Inc -I../Middlewares/ST/STM32_USB_Device_Library/Class/CDC/Inc -O0 -ffunction-sections -fdata-sections -Wall -fstack-usage -MMD -MP -MF"Core/Src/main.d" -MT"Core/Src/main.o" --specs=nano.specs -mfpu=fpv4-sp-d16 -mfloat-abi=hard -mthumb -o "Core/Src/main.o"
../Core/Src/main.c: In function 'start_solenoid_driver':
../Core/Src/main.c:272:7: warning: unused variable 'msg' [-Wunused-variable]
  char msg[]="Hallo! This is a pretty long textHallo! This is a pretty long textHallo! This is a pretty long text\n";
       ^~~
arm-none-eabi-gcc -o "Pinball_Controller_V0.elf" @"objects.list"   -mcpu=cortex-m4 -T"/home/h3l/Documents/Studium/Auslandssemster/Vorlesungen/SmartSystems/working_directory/uC/Pinball_Controller_V0/STM32F411CEUX_FLASH.ld" --specs=nosys.specs -Wl,-Map="Pinball_Controller_V0.map" -Wl,--gc-sections -static --specs=nano.specs -mfpu=fpv4-sp-d16 -mfloat-abi=hard -mthumb -Wl,--start-group -lc -lm -Wl,--end-group
Finished building target: Pinball_Controller_V0.elf
 
arm-none-eabi-objdump -h -S  Pinball_Controller_V0.elf  > "Pinball_Controller_V0.list"
arm-none-eabi-objcopy  -O binary  Pinball_Controller_V0.elf  "Pinball_Controller_V0.bin"
arm-none-eabi-size   Pinball_Controller_V0.elf 
   text	   data	    bss	    dec	    hex	filename
  38392	    496	  26784	  65672	  10088	Pinball_Controller_V0.elf
Finished building: default.size.stdout
 
Finished building: Pinball_Controller_V0.bin
 
Finished building: Pinball_Controller_V0.list
 

16:49:04 Build Finished. 0 errors, 1 warnings. (took 317ms)

