(---------------------------------------------------------------------)
(                                                                     )
(    Allegro Netrev Import Logic                                      )
(                                                                     )
(    Drawing          : sensor_board_routing.brd                      )
(    Software Version : 17.4S017                                      )
(    Date/Time        : Fri Sep 24 19:26:03 2021                      )
(                                                                     )
(---------------------------------------------------------------------)


------ Directives ------------

Ripup etch:                  No
Ripup delete first segment:  No
Ripup retain bondwire:       No
Ripup symbols:               Always
Missing symbol has error:    No
DRC update:                  Yes
Schematic directory:         '.'
Design Directory:            'C:/Users/markl/Documents/Sem7/SmartSystems/PinToWin/schematics/sensor_matrix/allegro'
Old design name:             'C:/Users/markl/Documents/Sem7/SmartSystems/PinToWin/schematics/sensor_matrix/allegro/sensor_board_routing.brd'
New design name:             'C:/Users/markl/Documents/Sem7/SmartSystems/PinToWin/schematics/sensor_matrix/allegro/sensor_board_routing.brd'

CmdLine: netrev -$ -i . -y 1 -h -q netrev_constraint_report.xml C:/Users/markl/Documents/Sem7/SmartSystems/PinToWin/schematics/sensor_matrix/allegro/#Taaaaar04440.tmp

------ Preparing to read pst files ------

Starting to read ./pstchip.dat 
   Finished reading ./pstchip.dat (00:00:00.01)
Starting to read ./pstxprt.dat 
   Finished reading ./pstxprt.dat (00:00:00.00)
Starting to read ./pstxnet.dat 
   Finished reading ./pstxnet.dat (00:00:00.00)

------ Oversights/Warnings/Errors ------


#1   WARNING(SPMHNI-184): Device library warning detected.

WARNING: Q1 component device pin number mismatch; cannot replace.

#1   ERROR(SPMHNI-191): Device/Symbol check error detected.

ERROR(SPMHNI-195): Symbol 'TO220ABHWOHOLE' for device 'IRF9530N/TO_0_TO220ABHWOHOLE_IRF9530N/TO220' is missing pin '4'.

------ Library Paths ------
MODULEPATH =  . 
           C:/Cadence/Company/pcb/modules 

PSMPATH =  . 
           symbols 
           C:\Cadence\Company\pcb\symbols\connector 
           C:\Cadence\Company\pcb\symbols\ic 
           C:\Cadence\Company\pcb\symbols\other_symbols 
           C:\Cadence\Company\pcb\symbols\padsyms 
           C:\Cadence\Company\pcb\symbols\smd_misc 
           C:\Cadence\Company\pcb\symbols\tht_misc 
           C:\Cadence\Company\pcb\symbols\student 
           C:/Users/markl/Documents/Sem7/SmartSystems/PinToWin/schematics/parts 
           C:/Cadence/SPB_17.4/share/pcb/pcb_lib/symbols 

PADPATH =  . 
           symbols 
           padstacks 
           C:/Cadence/Company/pcb/padstacks 
           C:/Cadence/Company/pcb/padstacks/student 
           C:/Users/markl/Documents/Sem7/SmartSystems/PinToWin/schematics/parts 
           C:/Cadence/SPB_17.4/share/pcb/pcb_lib/symbols 


------ Summary Statistics ------


#2   Run stopped because errors were detected

netrev run on Sep 24 19:26:03 2021
   DESIGN NAME : 'SENSOR_BOARD'
   PACKAGING ON Apr 19 2021 16:22:31

   COMPILE 'logic'
   CHECK_PIN_NAMES OFF
   CROSS_REFERENCE OFF
   FEEDBACK OFF
   INCREMENTAL OFF
   INTERFACE_TYPE PHYSICAL
   MAX_ERRORS 500
   MERGE_MINIMUM 5
   NET_NAME_CHARS '#%&()*+-./:=>?@[]^_`|'
   NET_NAME_LENGTH 24
   OVERSIGHTS ON
   REPLACE_CHECK OFF
   SINGLE_NODE_NETS ON
   SPLIT_MINIMUM 0
   SUPPRESS   20
   WARNINGS ON

  2 errors detected
 No oversight detected
  1 warnings detected

cpu time      0:00:13
elapsed time  0:00:00

